# Source: jxboot-helmfile-resources/templates/local-secrets.yaml
apiVersion: v1
kind: Secret
metadata:
  name: jx-local-secrets
type: Opaque
data:
  secrets.yaml: "c2VjcmV0czoKICBhZG1pblVzZXI6CiAgICBwYXNzd29yZDogIiIKICAgIHVzZXJuYW1lOiBhZG1pbgogIGNoYXJ0TXVzZXVtOgogICAgcGFzc3dvcmQ6IHNlY3JldGNoYXJ0bXVzZXVtcHdkCiAgICB1c2VybmFtZTogbXl1c2VyCiAgZG9ja2VyQ29uZmlnOiAne30nCiAgZmVhdHVyZUZsYWdBUElLZXk6IHNlY3JldEZlYXR1cmVGbGFnQVBJS2V5CiAgZ3BnOgogICAgZW5hYmxlZDogZmFsc2UKICAgIHB1YnJpbmc6ICIiCiAgICBzZWNqZW5raW5zOiAiIgogICAgc2VjcmluZzogIiIKICAgIHRydXN0ZGI6ICIiCiAga2FuaWtvU2VjcmV0OiAiIgogIG1hdmVuU2V0dGluZ3M6ICIiCiAgbnBtVG9rZW46ICIiCiAgcGlwZWxpbmVVc2VyOgogICAgZW1haWw6ICIiCiAgICB0b2tlbjogbXl1c2VydG9rZW4KICAgIHVzZXJuYW1lOiAiIgogIHRla3RvbkJ1Y2tldDogdGVrdG9uQnVja2V0VG9rZW4="
