# Source: jxboot-helmfile-resources/templates/700-bucketrepo-ing.yaml
apiVersion: networking.k8s.io/v1
kind: Ingress
metadata:
  annotations:
    beer: stella
    kubernetes.io/ingress.class: nginx
  name: bucketrepo
spec:
  rules:
  - http:
      paths:
      - pathType: ImplementationSpecific
        backend:
          service:
            name: bucketrepo
            port:
              number: 80
    host: myrepo.com
  tls:
  - hosts:
    - myrepo.com
    secretName: "tls-mydomain-com-s"
