# Source: jxboot-helmfile-resources/templates/700-chartmuseum-ing.yaml
apiVersion: networking.k8s.io/v1beta1
kind: Ingress
metadata:
  annotations:
    jenkins.io/host: 1.2.3.4:30123
    kubernetes.io/ingress.class: nginx
  name: chartmuseum
spec:
  rules:
  - http:
      paths:
      - backend:
          serviceName: jenkins-x-chartmuseum
          servicePort: 8080
        path: "/chartmuseum"
